<html>
<body>
<pre>
<h1>µVision Build Log</h1>
<h2>Project:</h2>
C:\Users\Inspiron\Documents\GitHub\Zhark-mbed-Main\Main_board.uvproj
Project File Date:  02/23/2016

<h2>Output:</h2>
Rebuild target 'Target 1'
assembling startup_LPC17xx.s...
compiling main.c...
main.c(10): warning:  #1-D: last line of file ends without a newline
  }
main.c: 1 warning, 0 errors
compiling system_LPC17xx.c...
linking...
Program Size: Code=1372 RO-data=236 RW-data=4 ZI-data=612  
FromELF: creating hex file...
".\Main_board.axf" - 0 Error(s), 1 Warning(s).
Load "C:\\Users\\Inspiron\\Documents\\GitHub\\Zhark-mbed-Main\\Main_board.axf" 
Erasing Done.
Programming Done: 3.56 KByte/s
